{
  "data": {
    "book": {
      "title": "C# in depth.",
      "author": {
        "name": "Jon Skeet"
      }
    }
  }
}
