{
  "data": {
    "author": {
      "name": "Jon Skeet"
    }
  }
}
