{
  "data": {
    "book": {
      "author": {
        "name": "Jon Skeet"
      }
    }
  }
}
